******************************************************************************
             TMS320C2000 Linker PC v25.11.1                    
******************************************************************************
>> Linked Wed Oct  7 21:22:19 2026

OUTPUT FILE NAME:   <uart_and_npu.out>
ENTRY POINT SYMBOL: "code_start"  address: 00080000


MEMORY CONFIGURATION

         name            origin    length      used     unused   attr    fill
----------------------  --------  ---------  --------  --------  ----  --------
  BOOT_RSVD             00000002   00000126  00000000  00000126  RWIX
  RAMM0                 00000128   000002d8  00000000  000002d8  RWIX
  RAMM1                 00000400   00000400  00000200  00000200  RWIX
  CLATOCPURAM           00001480   00000080  00000000  00000080  RWIX
  CPUTOCLARAM           00001500   00000080  00000000  00000080  RWIX
  CLATODMARAM           00001680   00000080  00000000  00000080  RWIX
  DMATOCLARAM           00001700   00000080  00000000  00000080  RWIX
  RAMLS0                00008000   00000800  000000cd  00000733  RWIX
  RAMLS1                00008800   00000800  00000000  00000800  RWIX
  RAMLS2                00009000   00000800  00000000  00000800  RWIX
  RAMLS3                00009800   00000800  00000000  00000800  RWIX
  RAMLS4                0000a000   00000800  00000000  00000800  RWIX
  RAMLS5                0000a800   00000800  000001c4  0000063c  RWIX
  RAMLS6                0000b000   00000800  00000000  00000800  RWIX
  RAMLS7                0000b800   00000800  00000000  00000800  RWIX
  RAMGS0                0000c000   00002000  00000000  00002000  RWIX
  RAMGS1                0000e000   00002000  00001000  00001000  RWIX
  RAMGS2                00010000   00002000  00000080  00001f80  RWIX
  RAMGS3                00012000   00002000  00000520  00001ae0  RWIX
  RAMLS8                00014000   00002000  00000000  00002000  RWIX
  RAMLS9                00016000   00002000  00000000  00002000  RWIX
  BEGIN                 00080000   00000002  00000002  00000000  RWIX
  FLASH_BANK0           00080002   0001fffe  00003b7e  0001c480  RWIX
  FLASH_BANK1           000a0000   00020000  00000000  00020000  RWIX
  FLASH_BANK2           000c0000   00020000  00000000  00020000  RWIX
  FLASH_BANK3           000e0000   00020000  00000000  00020000  RWIX
  FLASH_BANK4           00100000   00008000  00000000  00008000  RWIX
  RESET                 003fffc0   00000002  00000000  00000002  RWIX


SECTION ALLOCATION MAP

 output                                  attributes/
section   page    origin      length       input sections
--------  ----  ----------  ----------   ----------------
codestart 
*          0    00080000    00000002     
                  00080000    00000002     f28p55x_codestartbranch.obj (codestart)

.cinit     0    00082b00    00001090     
                  00082b00    00001004     (.cinit.ramgs1.load) [load image]
                  00083b04    00000059     (.cinit.ramgs2.load) [load image, compression = lzss]
                  00083b5d    00000010     (.cinit..data.load) [load image, compression = lzss]
                  00083b6d    00000001     --HOLE-- [fill = 0]
                  00083b6e    00000006     (__TI_handler_table)
                  00083b74    00000004     (.cinit..bss.load) [load image, compression = zero_init]
                  00083b78    00000004     (.cinit..bss.noinit.tvm.load) [load image, compression = zero_init]
                  00083b7c    00000014     (__TI_cinit_table)

.reset     0    003fffc0    00000000     DSECT

.stack     0    00000400    00000200     UNINITIALIZED
                  00000400    00000200     --HOLE--

.bss       0    0000a800    0000019c     UNINITIALIZED
                  0000a800    00000080     hand_infer.obj (.bss:acc_buf$1)
                  0000a880    00000040     hand_infer.obj (.bss:q1$3)
                  0000a8c0    00000040     hand_infer.obj (.bss:q2$4)
                  0000a900    00000036     mod.a : lib2.obj (.bss:tinie_sublayers_data)
                  0000a936    00000004     empty_driverlib_main.obj (.bss)
                  0000a93a    00000001     hand_infer.obj (.bss:q0$2)
                  0000a93b    00000001     hand_infer.obj (.bss:q3$5)
                  0000a93c    00000004     --HOLE--
                  0000a940    00000020     mod.a : lib1.obj (.bss)
                  0000a960    00000014     empty_driverlib_main.obj (.bss:g_in)
                  0000a974    00000014     empty_driverlib_main.obj (.bss:g_out)
                  0000a988    00000014     empty_driverlib_main.obj (.bss:g_ycpu)

.init_array 
*          0    00080008    00000000     UNINITIALIZED

.data      0    0000a99c    00000028     UNINITIALIZED
                  0000a99c    00000012     empty_driverlib_main.obj (.data)
                  0000a9ae    0000000c     hand_infer.obj (.data)
                  0000a9ba    00000006     rts2800_fpu32_eabi.lib : exit.c.obj (.data)
                  0000a9c0    00000002                            : _lock.c.obj (.data:_lock)
                  0000a9c2    00000002                            : _lock.c.obj (.data:_unlock)

.bss.noinit.tvm 
*          0    00012000    00000520     UNINITIALIZED
                  00012000    00000520     mod.a : lib0.obj (.bss.noinit.tvm)

.const     0    00080008    0000116e     
                  00080008    00000378     mod.a : lib2.obj (.const:PWCONV_PARAMS)
                  00080380    00000378           : lib2.obj (.const:PWCONV_PARAMS_sub1)
                  000806f8    00000250           : lib2.obj (.const:PWCONV_PARAMS_sub2)
                  00080948    000000e6           : lib2.obj (.const:PWCONV_iB8_oB8_kB8_iCm8b16_oCm8_INS)
                  00080a2e    0000009b     driverlib.lib : flash.obj (.const:.string)
                  00080ac9    00000001     --HOLE-- [fill = 0]
                  00080aca    0000009a                   : sysctl.obj (.const:.string)
                  00080b64    00000098                   : gpio.obj (.const:.string)
                  00080bfc    00000097                   : sci.obj (.const:.string)
                  00080c93    00000001     --HOLE-- [fill = 0]
                  00080c94    00000080     hand_infer.obj (.const:L0_B)
                  00080d14    00000080     hand_infer.obj (.const:L0_BF)
                  00080d94    00000080     hand_infer.obj (.const:L0_M)
                  00080e14    00000080     hand_infer.obj (.const:L1_B)
                  00080e94    00000080     hand_infer.obj (.const:L1_BF)
                  00080f14    00000080     hand_infer.obj (.const:L1_M)
                  00080f94    00000051     driverlib.lib : interrupt.obj (.const:.string)
                  00080fe5    00000001     --HOLE-- [fill = 0]
                  00080fe6    0000004b                   : pga.obj (.const:.string)
                  00081031    00000001     --HOLE-- [fill = 0]
                  00081032    00000042     mod.a : lib2.obj (.const:PWCONV_MMR)
                  00081074    00000042           : lib2.obj (.const:PWCONV_MMR_sub1)
                  000810b6    00000042           : lib2.obj (.const:PWCONV_MMR_sub2)
                  000810f8    00000036     hand_infer.obj (.const:LAYERS_MCU)
                  0008112e    00000002     hand_infer.obj (.const:L2_B)
                  00081130    00000002     hand_infer.obj (.const:L2_BF)
                  00081132    00000002     hand_infer.obj (.const:L2_M)
                  00081134    0000000c     --HOLE-- [fill = 0]
                  00081140    00000036     mod.a : lib2.obj (.const)

ramgs1     0    0000e000    00001000     UNINITIALIZED
                  0000e000    00001000     hand_infer.obj (ramgs1)

ramgs2     0    00010000    00000080     UNINITIALIZED
                  00010000    00000080     hand_infer.obj (ramgs2)

.rodata.tvm 
*          0    00081180    00000250     
                  00081180    00000250     mod.a : lib0.obj (.rodata.tvm)

.TI.ramfunc 
*          0    000813d0    000000cd     RUN ADDR = 00008000
                  000813d0    00000036     driverlib.lib : flash.obj (.TI.ramfunc:Flash_initModule)
                  00081406    00000022                   : flash.obj (.TI.ramfunc:Flash_setWaitstates)
                  00081428    00000018                   : flash.obj (.TI.ramfunc:Flash_disableCache)
                  00081440    00000017                   : flash.obj (.TI.ramfunc:Flash_disablePrefetch)
                  00081457    00000016                   : flash.obj (.TI.ramfunc:Flash_enableCache)
                  0008146d    00000016                   : flash.obj (.TI.ramfunc:Flash_enableECC)
                  00081483    00000016                   : flash.obj (.TI.ramfunc:Flash_enablePrefetch)
                  00081499    00000004                   : sysctl.obj (.TI.ramfunc)

.text.1    0    00081178    00000008     
                  00081178    00000008     rts2800_fpu32_eabi.lib : copy_decompress_none.c.obj (.text:decompress:none)

.text.2    0    000814a0    0000165b     
                  000814a0    00000123     driverlib.lib : sysctl.obj (.text:SysCtl_setClock)
                  000815c3    000000fe                   : sysctl.obj (.text:SysCtl_isPLLValid)
                  000816c1    000000f3     mod.a : tinie_c28.obj (.text:write_configMMR)
                  000817b4    000000eb     driverlib.lib : gpio.obj (.text:GPIO_setAnalogMode)
                  0008189f    000000df     device.obj (.text:Device_enableAllPeripherals)
                  0008197e    000000df     mod.a : lib1.obj (.text:tvmgen_default_fused_nn_conv2d_add_multiply_right_shift_clip_cast)
                  00081a5d    000000d4     empty_driverlib_main.obj (.text:main)
                  00081b31    000000d3     device.obj (.text:Device_init)
                  00081c04    000000a6     hand_infer.obj (.text:hand_quant_layer)
                  00081caa    00000088     rts2800_fpu32_eabi.lib : fs_div28.asm.obj (.text)
                  00081d32    0000007f     driverlib.lib : interrupt.obj (.text:Interrupt_clearIFR)
                  00081db1    00000075     board.obj (.text:mySCI0_init)
                  00081e26    00000073     driverlib.lib : sysctl.obj (.text:DCC_setCounterSeeds)
                  00081e99    00000001     rts2800_fpu32_eabi.lib : startup.c.obj (.text)
                  00081e9a    0000006e     mod.a : lib1.obj (.text:tvmgen_default_fused_nn_conv2d_subtract_add_right_shift_clip_cast_multiply)
                  00081f08    00000067           : lib2.obj (.text:tvmgen_default_ti_npu_convolve1x1NHWC_0)
                  00081f6f    00000066     rts2800_fpu32_eabi.lib : s_sinf.c.obj (.text)
                  00081fd5    00000065     driverlib.lib : sysctl.obj (.text:SysCtl_getClock)
                  0008203a    00000065     hand_infer.obj (.text:hand_infer_one)
                  0008209f    00000065     mod.a : lib1.obj (.text:tvmgen_default_IRQHandlerHelper)
                  00082104    00000059     rts2800_fpu32_eabi.lib : s_floorf.c.obj (.text)
                  0008215d    00000052     driverlib.lib : gpio.obj (.text:GPIO_setPadConfig)
                  000821af    0000004e                   : interrupt.obj (.text:Interrupt_disable)
                  000821fd    0000004b     hand_infer.obj (.text:hand_selftest)
                  00082248    00000049     f28p55x_npu.obj (.text:NPU_setInstrMem)
                  00082291    00000001     --HOLE-- [fill = 0]
                  00082292    00000049     f28p55x_npu.obj (.text:NPU_setParamMem)
                  000822db    00000047     driverlib.lib : sysctl.obj (.text:SysCtl_selectOscSource)
                  00082322    00000046                   : sysctl.obj (.text:SysCtl_selectXTAL)
                  00082368    00000045                   : sci.obj (.text:SCI_clearInterruptStatus)
                  000823ad    00000044                   : pga.obj (.text:PGA_setOffsetTrimPMOS)
                  000823f1    00000041                   : pga.obj (.text:PGA_setOffsetTrimNMOS)
                  00082432    00000040                   : sysctl.obj (.text:SysCtl_pollX1Counter)
                  00082472    0000003e                   : sci.obj (.text:SCI_setConfig)
                  000824b0    0000003d                   : interrupt.obj (.text:Interrupt_initModule)
                  000824ed    00000037                   : gpio.obj (.text:GPIO_setPinConfig)
                  00082524    00000037                   : gpio.obj (.text:GPIO_setQualificationMode)
                  0008255b    00000037                   : interrupt.obj (.text:Interrupt_enable)
                  00082592    00000036     empty_driverlib_main.obj (.text:SCI_sendFloat)
                  000825c8    00000034     mod.a : lib1.obj (.text:tvmgen_default_fused_cast_add_cast_cast)
                  000825fc    0000002e     rts2800_fpu32_eabi.lib : copy_decompress_lzss.c.obj (.text:decompress:lzss)
                  0008262a    0000002d     mod.a : lib1.obj (.text:tvmgen_default_IRQHandler)
                  00082657    0000002c     driverlib.lib : gpio.obj (.text:GPIO_isPinValid)
                  00082683    0000002b     rts2800_fpu32_eabi.lib : autoinit.c.obj (.text:__TI_auto_init_nobinit_nopinit)
                  000826ae    0000002b     mod.a : lib1.obj (.text:tvmgen_default___tvm_main__)
                  000826d9    0000002a           : lib1.obj (.text:tvmgen_default_fused_multiply_add_floor_clip_cast_reshape_cast)
                  00082703    00000029     rts2800_fpu32_eabi.lib : exit.c.obj (.text)
                  0008272c    00000026     empty_driverlib_main.obj (.text:CPUTimer1_init)
                  00082752    00000025     empty_driverlib_main.obj (.text:SCI_sendFrameTail)
                  00082777    00000025     driverlib.lib : sysctl.obj (.text:SysCtl_selectXTALSingleEnded)
                  0008279c    00000024                   : sysctl.obj (.text:DCC_enableSingleShotMode)
                  000827c0    00000023     board.obj (.text:PinMux_init)
                  000827e3    00000020     rts2800_fpu32_eabi.lib : memcpy.c.obj (.text)
                  00082803    0000001e     driverlib.lib : sysctl.obj (.text:DCC_setCounter0ClkSource)
                  00082821    0000001e                   : sysctl.obj (.text:DCC_setCounter1ClkSource)
                  0008283f    0000001e                   : interrupt.obj (.text:Interrupt_initVectorTable)
                  0008285d    0000001c     mod.a : lib1.obj (.text:tinie_sublayer_IRQHandler)
                  00082879    0000001a     driverlib.lib : sysctl.obj (.text:SysCtl_getLowSpeedClock)
                  00082893    00000019                   : sysctl.obj (.text:SysCtl_setPLLSysClk)
                  000828ac    00000019     mod.a : tinie_c28.obj (.text:TINIE_setup)
                  000828c5    00000018     f28p55x_npu.obj (.text:NPU_setInterruptHandler)
                  000828dd    00000018     driverlib.lib : sci.obj (.text:SCI_disableModule)
                  000828f5    00000018                   : sci.obj (.text:SCI_performSoftwareReset)
                  0008290d    00000017                   : pga.obj (.text:PGA_isBaseValid)
                  00082924    00000017                   : sci.obj (.text:SCI_isBaseValid)
                  0008293b    00000017                   : sysctl.obj (.text:SysCtl_enablePeripheral)
                  00082952    00000017     rts2800_fpu32_eabi.lib : boot28.asm.obj (.text)
                  00082969    00000016     driverlib.lib : sysctl.obj (.text:DCC_disableDoneSignal)
                  0008297f    00000016                   : interrupt.obj (.text:Interrupt_defaultHandler)
                  00082995    00000015                   : sysctl.obj (.text:DCC_clearDoneFlag)
                  000829aa    00000015                   : sysctl.obj (.text:DCC_clearErrorFlag)
                  000829bf    00000015                   : sysctl.obj (.text:DCC_disableErrorSignal)
                  000829d4    00000015                   : sysctl.obj (.text:DCC_isBaseValid)
                  000829e9    00000014                   : sysctl.obj (.text:DCC_disableModule)
                  000829fd    00000014                   : sysctl.obj (.text:DCC_enableModule)
                  00082a11    00000013                   : sci.obj (.text:SCI_enableModule)
                  00082a24    00000012     rts2800_fpu32_eabi.lib : args_main.c.obj (.text)
                  00082a36    00000010     driverlib.lib : flash.obj (.text:Flash_isCtrlBaseValid)
                  00082a46    00000010                   : flash.obj (.text:Flash_isECCBaseValid)
                  00082a56    0000000d                   : interrupt.obj (.text:Interrupt_disableGlobal)
                  00082a63    0000000d                   : interrupt.obj (.text:Interrupt_enableGlobal)
                  00082a70    0000000d     mod.a : lib0.obj (.text:tvmgen_default_run)
                  00082a7d    0000000b     driverlib.lib : sysctl.obj (.text:SysCtl_isMCDClockFailureDetected)
                  00082a88    0000000a                   : interrupt.obj (.text:Interrupt_illegalOperationHandler)
                  00082a92    0000000a                   : interrupt.obj (.text:Interrupt_nmiHandler)
                  00082a9c    0000000a     mod.a : lib1.obj (.text:tvmgen_default_fused_tinie_c28_pack)
                  00082aa6    0000000a           : lib1.obj (.text:tvmgen_default_fused_tinie_c28_unpack)
                  00082ab0    00000009     board.obj (.text:Board_init)
                  00082ab9    00000009     rts2800_fpu32_eabi.lib : _lock.c.obj (.text)
                  00082ac2    00000008     f28p55x_codestartbranch.obj (.text)
                  00082aca    00000007     driverlib.lib : sysctl.obj (.text:SysCtl_resetMCD)
                  00082ad1    00000007     rts2800_fpu32_eabi.lib : memset.c.obj (.text)
                  00082ad8    00000006     f28p55x_npu.obj (.text:NPU_enableInterrupt)
                  00082ade    00000006     mod.a : tinie_c28.obj (.text:TINIE_start)
                  00082ae4    00000006     rts2800_fpu32_eabi.lib : copy_zero_init.c.obj (.text:decompress:ZI)
                  00082aea    00000005     f28p55x_npu.obj (.text:NPU_clearInterruptACK)
                  00082aef    00000004     f28p55x_npu.obj (.text:NPU_getCtlReg)
                  00082af3    00000003     board.obj (.text:NPU_init)
                  00082af6    00000003     device.obj (.text:__error__)
                  00082af9    00000002     rts2800_fpu32_eabi.lib : pre_init.c.obj (.text)

MODULE SUMMARY

       Module                        code   ro data   rw data
       ------                        ----   -------   -------
    .\
       hand_infer.obj                342    828       4494   
       empty_driverlib_main.obj      341    0         82     
    +--+-----------------------------+------+---------+---------+
       Total:                        683    828       4576   
                                                             
    .\device\
       device.obj                    437    0         0      
       f28p55x_npu.obj               185    0         0      
       f28p55x_codestartbranch.obj   10     0         0      
    +--+-----------------------------+------+---------+---------+
       Total:                        632    0         0      
                                                             
    .\syscfg\
       board.obj                     164    0         0      
    +--+-----------------------------+------+---------+---------+
       Total:                        164    0         0      
                                                             
    ../artifacts/mod.a
       lib2.obj                      103    2850      54     
       lib0.obj                      13     592       1312   
       lib1.obj                      664    0         32     
       tinie_c28.obj                 274    0         0      
    +--+-----------------------------+------+---------+---------+
       Total:                        1054   3442      1398   
                                                             
    E:/ccs/C2000Ware_26_01_00_00/driverlib/f28p55x/driverlib/ccs/Debug/driverlib.lib
       sysctl.obj                    1345   154       0      
       gpio.obj                      471    152       0      
       flash.obj                     434    155       0      
       interrupt.obj                 419    81        0      
       sci.obj                       221    151       0      
       pga.obj                       156    75        0      
    +--+-----------------------------+------+---------+---------+
       Total:                        3046   768       0      
                                                             
    E:\ccs\ccs\tools\compiler\ti-cgt-c2000_25.11.1.LTS\lib\rts2800_fpu32_eabi.lib
       fs_div28.asm.obj              136    0         0      
       s_sinf.c.obj                  102    0         0      
       s_floorf.c.obj                89     0         0      
       exit.c.obj                    41     0         6      
       copy_decompress_lzss.c.obj    46     0         0      
       autoinit.c.obj                43     0         0      
       memcpy.c.obj                  32     0         0      
       boot28.asm.obj                23     0         0      
       args_main.c.obj               18     0         0      
       _lock.c.obj                   9      0         4      
       copy_decompress_none.c.obj    8      0         0      
       memset.c.obj                  7      0         0      
       copy_zero_init.c.obj          6      0         0      
       pre_init.c.obj                2      0         0      
       startup.c.obj                 1      0         0      
    +--+-----------------------------+------+---------+---------+
       Total:                        563    0         10     
                                                             
       Stack:                        0      0         512    
       Linker Generated:             0      4239      0      
    +--+-----------------------------+------+---------+---------+
       Grand Total:                  6142   9277      6496   


LINKER GENERATED COPY TABLES

__TI_cinit_table @ 00083b7c records: 5, size/record: 4, table size: 20
	ramgs1: load addr=00082b00, load size=00001004 bytes, run addr=0000e000, run size=00001000 bytes, compression=copy
	ramgs2: load addr=00083b04, load size=00000059 bytes, run addr=00010000, run size=00000080 bytes, compression=lzss
	.data: load addr=00083b5d, load size=00000010 bytes, run addr=0000a99c, run size=00000028 bytes, compression=lzss
	.bss: load addr=00083b74, load size=00000004 bytes, run addr=0000a800, run size=0000019c bytes, compression=zero_init
	.bss.noinit.tvm: load addr=00083b78, load size=00000004 bytes, run addr=00012000, run size=00000520 bytes, compression=zero_init


LINKER GENERATED HANDLER TABLE

__TI_handler_table @ 00083b6e records: 3, size/record: 2, table size: 6
	index: 0, handler: __TI_zero_init
	index: 1, handler: __TI_decompress_lzss
	index: 2, handler: __TI_decompress_none


GLOBAL DATA SYMBOLS: SORTED BY DATA PAGE

address     data page           name
--------    ----------------    ----
00000400      10 (00000400)     __stack

0000a948     2a5 (0000a940)     tvmgen_default_finished

0000a99e     2a6 (0000a980)     g_frame_count
0000a9a0     2a6 (0000a980)     g_cycles_last
0000a9a2     2a6 (0000a980)     g_cycles_min
0000a9a4     2a6 (0000a980)     g_cycles_max
0000a9a6     2a6 (0000a980)     g_us_last
0000a9a8     2a6 (0000a980)     g_cycles_cpu
0000a9aa     2a6 (0000a980)     g_us_cpu
0000a9ac     2a6 (0000a980)     echoCount
0000a9ae     2a6 (0000a980)     g_st_maxerr
0000a9b0     2a6 (0000a980)     g_st_maxerr_s
0000a9b2     2a6 (0000a980)     g_y_cpu
0000a9b4     2a6 (0000a980)     g_cyc_l0
0000a9b6     2a6 (0000a980)     g_cyc_l1
0000a9b8     2a6 (0000a980)     g_cyc_l2
0000a9ba     2a6 (0000a980)     __TI_enable_exit_profile_output
0000a9bc     2a6 (0000a980)     __TI_cleanup_ptr
0000a9be     2a6 (0000a980)     __TI_dtors_ptr

0000a9c0     2a7 (0000a9c0)     _lock
0000a9c2     2a7 (0000a9c0)     _unlock


GLOBAL SYMBOLS: SORTED ALPHABETICALLY BY Name 

page  address   name                                                                      
----  -------   ----                                                                      
0     00082ab0  Board_init                                                                
0     00082703  C$$EXIT                                                                   
0     0008189f  Device_enableAllPeripherals                                               
0     00081b31  Device_init                                                               
0     0000a800  EMPTY_INS                                                                 
0     00008000  Flash_initModule                                                          
0     000817b4  GPIO_setAnalogMode                                                        
0     0008215d  GPIO_setPadConfig                                                         
0     000824ed  GPIO_setPinConfig                                                         
0     00082524  GPIO_setQualificationMode                                                 
0     0008297f  Interrupt_defaultHandler                                                  
0     000821af  Interrupt_disable                                                         
0     0008255b  Interrupt_enable                                                          
0     00082a88  Interrupt_illegalOperationHandler                                         
0     000824b0  Interrupt_initModule                                                      
0     0008283f  Interrupt_initVectorTable                                                 
0     00082a92  Interrupt_nmiHandler                                                      
0     00082aea  NPU_clearInterruptACK                                                     
0     00082ad8  NPU_enableInterrupt                                                       
0     00082aef  NPU_getCtlReg                                                             
0     00082af3  NPU_init                                                                  
0     00082248  NPU_setInstrMem                                                           
0     000828c5  NPU_setInterruptHandler                                                   
0     00082292  NPU_setParamMem                                                           
0     000823f1  PGA_setOffsetTrimNMOS                                                     
0     000823ad  PGA_setOffsetTrimPMOS                                                     
0     00080948  PWCONV_iB8_oB8_kB8_iCm8b16_oCm8_INS                                       
0     000827c0  PinMux_init                                                               
0     0008149d  RamfuncsLoadEnd                                                           
abs   000000cd  RamfuncsLoadSize                                                          
0     000813d0  RamfuncsLoadStart                                                         
0     000080cd  RamfuncsRunEnd                                                            
abs   000000cd  RamfuncsRunSize                                                           
0     00008000  RamfuncsRunStart                                                          
0     00082368  SCI_clearInterruptStatus                                                  
0     00081db1  SCI_init                                                                  
0     00082472  SCI_setConfig                                                             
0     000080c9  SysCtl_delay                                                              
0     00081fd5  SysCtl_getClock                                                           
0     00082879  SysCtl_getLowSpeedClock                                                   
0     000815c3  SysCtl_isPLLValid                                                         
0     000822db  SysCtl_selectOscSource                                                    
0     00082322  SysCtl_selectXTAL                                                         
0     00082777  SysCtl_selectXTALSingleEnded                                              
0     000814a0  SysCtl_setClock                                                           
0     00082aea  TINIE_clearInterruptACK                                                   
0     000828c5  TINIE_registerInterrupt                                                   
0     000828ac  TINIE_setup                                                               
0     00082ade  TINIE_start                                                               
0     00083b7c  __TI_CINIT_Base                                                           
0     00083b90  __TI_CINIT_Limit                                                          
0     00083b90  __TI_CINIT_Warm                                                           
0     00083b6e  __TI_Handler_Table_Base                                                   
0     00083b74  __TI_Handler_Table_Limit                                                  
0     00000600  __TI_STACK_END                                                            
abs   00000200  __TI_STACK_SIZE                                                           
0     00082683  __TI_auto_init_nobinit_nopinit                                            
0     0000a9bc  __TI_cleanup_ptr                                                          
0     000825fc  __TI_decompress_lzss                                                      
0     00081178  __TI_decompress_none                                                      
0     0000a9be  __TI_dtors_ptr                                                            
0     0000a9ba  __TI_enable_exit_profile_output                                           
abs   ffffffff  __TI_pprof_out_hndl                                                       
abs   ffffffff  __TI_prof_data_size                                                       
abs   ffffffff  __TI_prof_data_start                                                      
0     00082ae4  __TI_zero_init                                                            
0     00081caa  __c28xabi_divf                                                            
abs   ffffffff  __c_args__                                                                
0     00082af6  __error__                                                                 
0     00000400  __stack                                                                   
0     00082a24  _args_main                                                                
0     00082952  _c_int00                                                                  
0     0000a9c0  _lock                                                                     
0     00082ac1  _nop                                                                      
0     00082abd  _register_lock                                                            
0     00082ab9  _register_unlock                                                          
0     00081e99  _system_post_cinit                                                        
0     00082af9  _system_pre_init                                                          
0     0000a9c2  _unlock                                                                   
0     00082703  abort                                                                     
0     00080000  code_start                                                                
0     0000a9ac  echoCount                                                                 
0     00082705  exit                                                                      
0     00082104  floorf                                                                    
0     0000a9b4  g_cyc_l0                                                                  
0     0000a9b6  g_cyc_l1                                                                  
0     0000a9b8  g_cyc_l2                                                                  
0     0000a9a8  g_cycles_cpu                                                              
0     0000a9a0  g_cycles_last                                                             
0     0000a9a4  g_cycles_max                                                              
0     0000a9a2  g_cycles_min                                                              
0     0000a99e  g_frame_count                                                             
0     0000a9ae  g_st_maxerr                                                               
0     0000a9b0  g_st_maxerr_s                                                             
0     0000a9aa  g_us_cpu                                                                  
0     0000a9a6  g_us_last                                                                 
0     0000a9b2  g_y_cpu                                                                   
0     0008203a  hand_infer_one                                                            
0     000821fd  hand_selftest                                                             
0     00081a5d  main                                                                      
0     000827e3  memcpy                                                                    
0     00082ad1  memset                                                                    
0     00081db1  mySCI0_init                                                               
0     00081f6f  sinf                                                                      
0     0000a940  tinie_curr_layer                                                          
0     0000a942  tinie_curr_sublayer                                                       
0     0000a944  tinie_num_sublayers                                                       
0     0008285d  tinie_sublayer_IRQHandler                                                 
0     0000a946  tinie_sublayer_postproc                                                   
0     0000a94a  tinie_sublayers                                                           
0     0008262a  tvmgen_default_IRQHandler                                                 
0     0008209f  tvmgen_default_IRQHandlerHelper                                           
0     000826ae  tvmgen_default___tvm_main__                                               
0     0000a948  tvmgen_default_finished                                                   
0     000825c8  tvmgen_default_fused_cast_add_cast_cast                                   
0     000826d9  tvmgen_default_fused_multiply_add_floor_clip_cast_reshape_cast            
0     0008197e  tvmgen_default_fused_nn_conv2d_add_multiply_right_shift_clip_cast         
0     00081e9a  tvmgen_default_fused_nn_conv2d_subtract_add_right_shift_clip_cast_multiply
0     00082a9c  tvmgen_default_fused_tinie_c28_pack                                       
0     00082aa6  tvmgen_default_fused_tinie_c28_unpack                                     
0     00082a70  tvmgen_default_run                                                        
0     00081f08  tvmgen_default_ti_npu_convolve1x1NHWC_0                                   


GLOBAL SYMBOLS: SORTED BY Symbol Address 

page  address   name                                                                      
----  -------   ----                                                                      
0     00000400  __stack                                                                   
0     00000600  __TI_STACK_END                                                            
0     00008000  Flash_initModule                                                          
0     00008000  RamfuncsRunStart                                                          
0     000080c9  SysCtl_delay                                                              
0     000080cd  RamfuncsRunEnd                                                            
0     0000a800  EMPTY_INS                                                                 
0     0000a940  tinie_curr_layer                                                          
0     0000a942  tinie_curr_sublayer                                                       
0     0000a944  tinie_num_sublayers                                                       
0     0000a946  tinie_sublayer_postproc                                                   
0     0000a948  tvmgen_default_finished                                                   
0     0000a94a  tinie_sublayers                                                           
0     0000a99e  g_frame_count                                                             
0     0000a9a0  g_cycles_last                                                             
0     0000a9a2  g_cycles_min                                                              
0     0000a9a4  g_cycles_max                                                              
0     0000a9a6  g_us_last                                                                 
0     0000a9a8  g_cycles_cpu                                                              
0     0000a9aa  g_us_cpu                                                                  
0     0000a9ac  echoCount                                                                 
0     0000a9ae  g_st_maxerr                                                               
0     0000a9b0  g_st_maxerr_s                                                             
0     0000a9b2  g_y_cpu                                                                   
0     0000a9b4  g_cyc_l0                                                                  
0     0000a9b6  g_cyc_l1                                                                  
0     0000a9b8  g_cyc_l2                                                                  
0     0000a9ba  __TI_enable_exit_profile_output                                           
0     0000a9bc  __TI_cleanup_ptr                                                          
0     0000a9be  __TI_dtors_ptr                                                            
0     0000a9c0  _lock                                                                     
0     0000a9c2  _unlock                                                                   
0     00080000  code_start                                                                
0     00080948  PWCONV_iB8_oB8_kB8_iCm8b16_oCm8_INS                                       
0     00081178  __TI_decompress_none                                                      
0     000813d0  RamfuncsLoadStart                                                         
0     0008149d  RamfuncsLoadEnd                                                           
0     000814a0  SysCtl_setClock                                                           
0     000815c3  SysCtl_isPLLValid                                                         
0     000817b4  GPIO_setAnalogMode                                                        
0     0008189f  Device_enableAllPeripherals                                               
0     0008197e  tvmgen_default_fused_nn_conv2d_add_multiply_right_shift_clip_cast         
0     00081a5d  main                                                                      
0     00081b31  Device_init                                                               
0     00081caa  __c28xabi_divf                                                            
0     00081db1  SCI_init                                                                  
0     00081db1  mySCI0_init                                                               
0     00081e99  _system_post_cinit                                                        
0     00081e9a  tvmgen_default_fused_nn_conv2d_subtract_add_right_shift_clip_cast_multiply
0     00081f08  tvmgen_default_ti_npu_convolve1x1NHWC_0                                   
0     00081f6f  sinf                                                                      
0     00081fd5  SysCtl_getClock                                                           
0     0008203a  hand_infer_one                                                            
0     0008209f  tvmgen_default_IRQHandlerHelper                                           
0     00082104  floorf                                                                    
0     0008215d  GPIO_setPadConfig                                                         
0     000821af  Interrupt_disable                                                         
0     000821fd  hand_selftest                                                             
0     00082248  NPU_setInstrMem                                                           
0     00082292  NPU_setParamMem                                                           
0     000822db  SysCtl_selectOscSource                                                    
0     00082322  SysCtl_selectXTAL                                                         
0     00082368  SCI_clearInterruptStatus                                                  
0     000823ad  PGA_setOffsetTrimPMOS                                                     
0     000823f1  PGA_setOffsetTrimNMOS                                                     
0     00082472  SCI_setConfig                                                             
0     000824b0  Interrupt_initModule                                                      
0     000824ed  GPIO_setPinConfig                                                         
0     00082524  GPIO_setQualificationMode                                                 
0     0008255b  Interrupt_enable                                                          
0     000825c8  tvmgen_default_fused_cast_add_cast_cast                                   
0     000825fc  __TI_decompress_lzss                                                      
0     0008262a  tvmgen_default_IRQHandler                                                 
0     00082683  __TI_auto_init_nobinit_nopinit                                            
0     000826ae  tvmgen_default___tvm_main__                                               
0     000826d9  tvmgen_default_fused_multiply_add_floor_clip_cast_reshape_cast            
0     00082703  C$$EXIT                                                                   
0     00082703  abort                                                                     
0     00082705  exit                                                                      
0     00082777  SysCtl_selectXTALSingleEnded                                              
0     000827c0  PinMux_init                                                               
0     000827e3  memcpy                                                                    
0     0008283f  Interrupt_initVectorTable                                                 
0     0008285d  tinie_sublayer_IRQHandler                                                 
0     00082879  SysCtl_getLowSpeedClock                                                   
0     000828ac  TINIE_setup                                                               
0     000828c5  NPU_setInterruptHandler                                                   
0     000828c5  TINIE_registerInterrupt                                                   
0     00082952  _c_int00                                                                  
0     0008297f  Interrupt_defaultHandler                                                  
0     00082a24  _args_main                                                                
0     00082a70  tvmgen_default_run                                                        
0     00082a88  Interrupt_illegalOperationHandler                                         
0     00082a92  Interrupt_nmiHandler                                                      
0     00082a9c  tvmgen_default_fused_tinie_c28_pack                                       
0     00082aa6  tvmgen_default_fused_tinie_c28_unpack                                     
0     00082ab0  Board_init                                                                
0     00082ab9  _register_unlock                                                          
0     00082abd  _register_lock                                                            
0     00082ac1  _nop                                                                      
0     00082ad1  memset                                                                    
0     00082ad8  NPU_enableInterrupt                                                       
0     00082ade  TINIE_start                                                               
0     00082ae4  __TI_zero_init                                                            
0     00082aea  NPU_clearInterruptACK                                                     
0     00082aea  TINIE_clearInterruptACK                                                   
0     00082aef  NPU_getCtlReg                                                             
0     00082af3  NPU_init                                                                  
0     00082af6  __error__                                                                 
0     00082af9  _system_pre_init                                                          
0     00083b6e  __TI_Handler_Table_Base                                                   
0     00083b74  __TI_Handler_Table_Limit                                                  
0     00083b7c  __TI_CINIT_Base                                                           
0     00083b90  __TI_CINIT_Limit                                                          
0     00083b90  __TI_CINIT_Warm                                                           
abs   000000cd  RamfuncsLoadSize                                                          
abs   000000cd  RamfuncsRunSize                                                           
abs   00000200  __TI_STACK_SIZE                                                           
abs   ffffffff  __TI_pprof_out_hndl                                                       
abs   ffffffff  __TI_prof_data_size                                                       
abs   ffffffff  __TI_prof_data_start                                                      
abs   ffffffff  __c_args__                                                                

[122 symbols]
